Simulando inicio de app1 a las Tue, May 27, 2025  1:00:58 PM
Paso de arranque 1: verificando sub-componente 1...
Paso de arranque 2: verificando sub-componente 2...
Paso de arranque 3: verificando sub-componente 3...
Paso de arranque 4: verificando sub-componente 4...
Paso de arranque 5: verificando sub-componente 5...
Paso de arranque 6: verificando sub-componente 6...
Paso de arranque 7: verificando sub-componente 7...
Paso de arranque 8: verificando sub-componente 8...
Paso de arranque 9: verificando sub-componente 9...
Paso de arranque 10: verificando sub-componente 10...
Paso de arranque 11: verificando sub-componente 11...
Paso de arranque 12: verificando sub-componente 12...
Paso de arranque 13: verificando sub-componente 13...
Paso de arranque 14: verificando sub-componente 14...
Paso de arranque 15: verificando sub-componente 15...
Paso de arranque 16: verificando sub-componente 16...
Paso de arranque 17: verificando sub-componente 17...
Paso de arranque 18: verificando sub-componente 18...
Paso de arranque 19: verificando sub-componente 19...
Paso de arranque 20: verificando sub-componente 20...
Paso de arranque 21: verificando sub-componente 21...
Paso de arranque 22: verificando sub-componente 22...
Paso de arranque 23: verificando sub-componente 23...
Paso de arranque 24: verificando sub-componente 24...
Paso de arranque 25: verificando sub-componente 25...
Servicio app1 'iniciado'. PID guardado en C:/Users/mitch/Documents/Desarrollo de Software/Actividad19-prueba/Proyecto_iac_local/generated_environment/services/app1_v1.0.2/app1.pid
Simulando inicio de app1 a las Tue, May 27, 2025  1:10:06 PM
Paso de arranque 1: verificando sub-componente 1...
Paso de arranque 2: verificando sub-componente 2...
Paso de arranque 3: verificando sub-componente 3...
Paso de arranque 4: verificando sub-componente 4...
Paso de arranque 5: verificando sub-componente 5...
Paso de arranque 6: verificando sub-componente 6...
Paso de arranque 7: verificando sub-componente 7...
Paso de arranque 8: verificando sub-componente 8...
Paso de arranque 9: verificando sub-componente 9...
Paso de arranque 10: verificando sub-componente 10...
Paso de arranque 11: verificando sub-componente 11...
Paso de arranque 12: verificando sub-componente 12...
Paso de arranque 13: verificando sub-componente 13...
Paso de arranque 14: verificando sub-componente 14...
Paso de arranque 15: verificando sub-componente 15...
Paso de arranque 16: verificando sub-componente 16...
Paso de arranque 17: verificando sub-componente 17...
Paso de arranque 18: verificando sub-componente 18...
Paso de arranque 19: verificando sub-componente 19...
Paso de arranque 20: verificando sub-componente 20...
Paso de arranque 21: verificando sub-componente 21...
Paso de arranque 22: verificando sub-componente 22...
Paso de arranque 23: verificando sub-componente 23...
Paso de arranque 24: verificando sub-componente 24...
Paso de arranque 25: verificando sub-componente 25...
Servicio app1 'iniciado'. PID guardado en C:/Users/mitch/Documents/DesarrolloSoftware/Actividad19-prueba/Proyecto_iac_local/generated_environment/services/app1_v1.0.2/app1.pid
Simulando inicio de app1 a las Tue 27 May 2025 09:57:05 PM UTC
Paso de arranque 1: verificando sub-componente 1...
Paso de arranque 2: verificando sub-componente 2...
Paso de arranque 3: verificando sub-componente 3...
Paso de arranque 4: verificando sub-componente 4...
Paso de arranque 5: verificando sub-componente 5...
Paso de arranque 6: verificando sub-componente 6...
Paso de arranque 7: verificando sub-componente 7...
Paso de arranque 8: verificando sub-componente 8...
Paso de arranque 9: verificando sub-componente 9...
Paso de arranque 10: verificando sub-componente 10...
Paso de arranque 11: verificando sub-componente 11...
Paso de arranque 12: verificando sub-componente 12...
Paso de arranque 13: verificando sub-componente 13...
Paso de arranque 14: verificando sub-componente 14...
Paso de arranque 15: verificando sub-componente 15...
Paso de arranque 16: verificando sub-componente 16...
Paso de arranque 17: verificando sub-componente 17...
Paso de arranque 18: verificando sub-componente 18...
Paso de arranque 19: verificando sub-componente 19...
Paso de arranque 20: verificando sub-componente 20...
Paso de arranque 21: verificando sub-componente 21...
Paso de arranque 22: verificando sub-componente 22...
Paso de arranque 23: verificando sub-componente 23...
Paso de arranque 24: verificando sub-componente 24...
Paso de arranque 25: verificando sub-componente 25...
Servicio app1 'iniciado'. PID guardado en /home/devasc/Documents/Proyecto_iac_local/generated_environment/services/app1_v1.0.2/app1.pid
Simulando inicio de app1 a las Wed 28 May 2025 04:12:22 AM UTC
Paso de arranque 1: verificando sub-componente 1...
Paso de arranque 2: verificando sub-componente 2...
Paso de arranque 3: verificando sub-componente 3...
Paso de arranque 4: verificando sub-componente 4...
Paso de arranque 5: verificando sub-componente 5...
Paso de arranque 6: verificando sub-componente 6...
Paso de arranque 7: verificando sub-componente 7...
Paso de arranque 8: verificando sub-componente 8...
Paso de arranque 9: verificando sub-componente 9...
Paso de arranque 10: verificando sub-componente 10...
Paso de arranque 11: verificando sub-componente 11...
Paso de arranque 12: verificando sub-componente 12...
Paso de arranque 13: verificando sub-componente 13...
Paso de arranque 14: verificando sub-componente 14...
Paso de arranque 15: verificando sub-componente 15...
Paso de arranque 16: verificando sub-componente 16...
Paso de arranque 17: verificando sub-componente 17...
Paso de arranque 18: verificando sub-componente 18...
Paso de arranque 19: verificando sub-componente 19...
Paso de arranque 20: verificando sub-componente 20...
Paso de arranque 21: verificando sub-componente 21...
Paso de arranque 22: verificando sub-componente 22...
Paso de arranque 23: verificando sub-componente 23...
Paso de arranque 24: verificando sub-componente 24...
Paso de arranque 25: verificando sub-componente 25...
Servicio app1 'iniciado'. PID guardado en /home/devasc/Documents/Proyecto_iac_local/generated_environment/services/app1_v1.0.2/app1.pid
Simulando inicio de app1 a las Wed 28 May 2025 04:27:43 AM UTC
Paso de arranque 1: verificando sub-componente 1...
Paso de arranque 2: verificando sub-componente 2...
Paso de arranque 3: verificando sub-componente 3...
Paso de arranque 4: verificando sub-componente 4...
Paso de arranque 5: verificando sub-componente 5...
Paso de arranque 6: verificando sub-componente 6...
Paso de arranque 7: verificando sub-componente 7...
Paso de arranque 8: verificando sub-componente 8...
Paso de arranque 9: verificando sub-componente 9...
Paso de arranque 10: verificando sub-componente 10...
Paso de arranque 11: verificando sub-componente 11...
Paso de arranque 12: verificando sub-componente 12...
Paso de arranque 13: verificando sub-componente 13...
Paso de arranque 14: verificando sub-componente 14...
Paso de arranque 15: verificando sub-componente 15...
Paso de arranque 16: verificando sub-componente 16...
Paso de arranque 17: verificando sub-componente 17...
Paso de arranque 18: verificando sub-componente 18...
Paso de arranque 19: verificando sub-componente 19...
Paso de arranque 20: verificando sub-componente 20...
Paso de arranque 21: verificando sub-componente 21...
Paso de arranque 22: verificando sub-componente 22...
Paso de arranque 23: verificando sub-componente 23...
Paso de arranque 24: verificando sub-componente 24...
Paso de arranque 25: verificando sub-componente 25...
Servicio app1 'iniciado'. PID guardado en /home/devasc/Documents/Proyecto_iac_local/generated_environment/services/app1_v1.0.2/app1.pid
Simulando inicio de app1 a las Wed 28 May 2025 04:30:43 AM UTC
Paso de arranque 1: verificando sub-componente 1...
Paso de arranque 2: verificando sub-componente 2...
Paso de arranque 3: verificando sub-componente 3...
Paso de arranque 4: verificando sub-componente 4...
Paso de arranque 5: verificando sub-componente 5...
Paso de arranque 6: verificando sub-componente 6...
Paso de arranque 7: verificando sub-componente 7...
Paso de arranque 8: verificando sub-componente 8...
Paso de arranque 9: verificando sub-componente 9...
Paso de arranque 10: verificando sub-componente 10...
Paso de arranque 11: verificando sub-componente 11...
Paso de arranque 12: verificando sub-componente 12...
Paso de arranque 13: verificando sub-componente 13...
Paso de arranque 14: verificando sub-componente 14...
Paso de arranque 15: verificando sub-componente 15...
Paso de arranque 16: verificando sub-componente 16...
Paso de arranque 17: verificando sub-componente 17...
Paso de arranque 18: verificando sub-componente 18...
Paso de arranque 19: verificando sub-componente 19...
Paso de arranque 20: verificando sub-componente 20...
Paso de arranque 21: verificando sub-componente 21...
Paso de arranque 22: verificando sub-componente 22...
Paso de arranque 23: verificando sub-componente 23...
Paso de arranque 24: verificando sub-componente 24...
Paso de arranque 25: verificando sub-componente 25...
Servicio app1 'iniciado'. PID guardado en /home/devasc/Documents/Proyecto_iac_local/generated_environment/services/app1_v1.0.2/app1.pid
Simulando inicio de app1 a las Wed 28 May 2025 04:34:11 AM UTC
Paso de arranque 1: verificando sub-componente 1...
Paso de arranque 2: verificando sub-componente 2...
Paso de arranque 3: verificando sub-componente 3...
Paso de arranque 4: verificando sub-componente 4...
Paso de arranque 5: verificando sub-componente 5...
Paso de arranque 6: verificando sub-componente 6...
Paso de arranque 7: verificando sub-componente 7...
Paso de arranque 8: verificando sub-componente 8...
Paso de arranque 9: verificando sub-componente 9...
Paso de arranque 10: verificando sub-componente 10...
Paso de arranque 11: verificando sub-componente 11...
Paso de arranque 12: verificando sub-componente 12...
Paso de arranque 13: verificando sub-componente 13...
Paso de arranque 14: verificando sub-componente 14...
Paso de arranque 15: verificando sub-componente 15...
Paso de arranque 16: verificando sub-componente 16...
Paso de arranque 17: verificando sub-componente 17...
Paso de arranque 18: verificando sub-componente 18...
Paso de arranque 19: verificando sub-componente 19...
Paso de arranque 20: verificando sub-componente 20...
Paso de arranque 21: verificando sub-componente 21...
Paso de arranque 22: verificando sub-componente 22...
Paso de arranque 23: verificando sub-componente 23...
Paso de arranque 24: verificando sub-componente 24...
Paso de arranque 25: verificando sub-componente 25...
Servicio app1 'iniciado'. PID guardado en /home/devasc/Documents/Proyecto_iac_local/generated_environment/services/app1_v1.0.2/app1.pid
